// Jest Snapshot v1, https://goo.gl/fbAQLP

exports[`renders content 1`] = `
<div
  className="nav"
>
  <div
    className="navItem"
  >
    <i
      className="fas fa-bars"
    />
  </div>
  <img
    alt="..."
    className="title"
    src="https://i.ibb.co/Th6HjDF/title.png"
  />
  <button
    className="navItem"
    onClick={[Function]}
    type="button"
  >
    <i
      className="fas fa-filter"
    />
  </button>
</div>
`;
