// Jest Snapshot v1, https://goo.gl/fbAQLP

exports[`renders content 1`] = `<spinner />`;
